// Jest Snapshot v1, https://goo.gl/fbAQLP

exports[`<RangeTrack/> tests shoud match snapshot 1`] = `
<div
  className="sc-bdfBwQ cIBWvr"
/>
`;
